    <fieldset class="asdf">
        <legend>Section Title</legend>
        <p>hello</p>
        <dl>
