<input class="asdf" id="id" name="id" type="submit" value="value" />