<input class="lol" type="submit" value="value&amp;" />