<button class="a&amp;^&amp;*FGdf" id="myId" name="myId" onclick="return false;" type="submit">thevalue&amp;</button>