<button class="lol" id="overriddenid" name="name" type="reset" value="value">
  <b>content</b>
</button>