<input class="lol" id="name" name="name" type="submit" value="value&amp;" />