<ul>
  <li>
    <label>
      <input checked="checked" class="input-validation-error" id="OptionalBooleanField_1" name="OptionalBooleanField" type="radio" value="" /> Neither</label>
  </li>
  <li>
    <label>
      <input class="input-validation-error" id="OptionalBooleanField_2" name="OptionalBooleanField" type="radio" value="true" /> Yes</label>
  </li>
  <li>
    <label>
      <input class="input-validation-error" id="OptionalBooleanField_3" name="OptionalBooleanField" type="radio" value="false" /> No</label>
  </li>
</ul>