<ul>
  <li>
    <label>
      <input class="input-validation-error" data-val="true" data-val-required="The RequiredBoolean field is required." id="RequiredBoolean_1" name="RequiredBoolean" type="radio" value="true" /> True</label>
  </li>
  <li>
    <label>
      <input checked="checked" class="input-validation-error" id="RequiredBoolean_2" name="RequiredBoolean" type="radio" value="false" /> False</label>
  </li>
</ul>