<ul>
  <li>
    <label>
      <input class="input-validation-error" data-val="true" data-val-required="The RequiredNullableBoolean field is required." id="RequiredNullableBoolean_1" name="RequiredNullableBoolean" type="radio" value="true" /> Yes</label>
  </li>
  <li>
    <label>
      <input class="input-validation-error" id="RequiredNullableBoolean_2" name="RequiredNullableBoolean" type="radio" value="false" /> No</label>
  </li>
</ul>