<label for="RequiredNullableBoolean">RequiredNullableBoolean</label>