<input class="input-validation-error" data-attr="value" data-val="true" data-val-date="The field NullableDateTimeWithFormat must be a date." data-val-format="d/M/yyyy" id="NullableDateTimeWithFormat" name="NullableDateTimeWithFormat" type="text" value="" />