<input class="input-validation-error" data-attr="value" data-val="true" data-val-date="The field DateTime must be a date." data-val-required="The DateTime field is required." id="DateTime" name="DateTime" type="text" value="1/01/0001 12:00:00 AM" />