<input class="input-validation-error" data-attr="value" data-val="true" data-val-date="The field NullableDateTime must be a date." id="NullableDateTime" name="NullableDateTime" type="text" value="" />