<ul>
  <li>
    <label>
      <input checked="checked" class="input-validation-error" data-attr="value" data-val="true" data-val-required="The RequiredEnumList field is required." id="RequiredEnumList_1" name="RequiredEnumList" type="checkbox" value="Simplevalue" /> Simplevalue</label>
  </li>
  <li>
    <label>
      <input checked="checked" class="input-validation-error" data-attr="value" id="RequiredEnumList_2" name="RequiredEnumList" type="checkbox" value="ValueWithDescriptionAttribute" /> Description attr text</label>
  </li>
  <li>
    <label>
      <input class="input-validation-error" data-attr="value" id="RequiredEnumList_3" name="RequiredEnumList" type="checkbox" value="ValueWithMultpipleWordsAndNoDescriptionAttribute" /> Value with multpiple words and no description attribute</label>
  </li>
</ul>