<ul>
  <li>
    <label>
      <input checked="checked" class="input-validation-error" data-attr="value" data-val="true" data-val-required="The RequiredChildEnum field is required." id="Child_RequiredChildEnum_1" name="Child.RequiredChildEnum" type="radio" value="Simplevalue" /> Simplevalue</label>
  </li>
  <li>
    <label>
      <input class="input-validation-error" data-attr="value" id="Child_RequiredChildEnum_2" name="Child.RequiredChildEnum" type="radio" value="ValueWithDescriptionAttribute" /> Description attr text</label>
  </li>
  <li>
    <label>
      <input class="input-validation-error" data-attr="value" id="Child_RequiredChildEnum_3" name="Child.RequiredChildEnum" type="radio" value="ValueWithMultpipleWordsAndNoDescriptionAttribute" /> Value with multpiple words and no description attribute</label>
  </li>
</ul>