<ul>
  <li>
    <label>
      <input checked="checked" class="input-validation-error" data-attr="value" id="OptionalNullableEnumList_1" name="OptionalNullableEnumList" type="checkbox" value="Simplevalue" /> Simplevalue</label>
  </li>
  <li>
    <label>
      <input checked="checked" class="input-validation-error" data-attr="value" id="OptionalNullableEnumList_2" name="OptionalNullableEnumList" type="checkbox" value="ValueWithDescriptionAttribute" /> Description attr text</label>
  </li>
  <li>
    <label>
      <input class="input-validation-error" data-attr="value" id="OptionalNullableEnumList_3" name="OptionalNullableEnumList" type="checkbox" value="ValueWithMultpipleWordsAndNoDescriptionAttribute" /> Value with multpiple words and no description attribute</label>
  </li>
</ul>