<label class="asdf" for="RequiredString">RequiredString</label>