<label for="StringWithDisplayAttribute">Use this display name</label>