<span class="field-validation-error" data-valmsg-for="RequiredString" data-valmsg-replace="true">asdf</span>