<label for="RequiredString">RequiredString</label>