<label for="RequiredString">
  <em>lay</em>bell</label>