<input class="input-validation-error" data-attr="value" data-val="true" data-val-required="The RequiredString field is required." id="RequiredString" name="RequiredString" type="number" value="" />