<ul>
  <li>
    <label>
      <input checked="checked" class="input-validation-error" id="OptionalStringListId_1" name="OptionalStringListId" type="radio" value="" /> None</label>
  </li>
  <li>
    <label>
      <input class="input-validation-error" id="OptionalStringListId_2" name="OptionalStringListId" type="radio" value="1" /> A</label>
  </li>
  <li>
    <label>
      <input class="input-validation-error" id="OptionalStringListId_3" name="OptionalStringListId" type="radio" value="2" /> B</label>
  </li>
</ul>