<input class="input-validation-error" data-val="true" data-val-number="The field RequiredIntListId must be a number." data-val-required="The RequiredIntListId field is required." id="RequiredIntListId" name="RequiredIntListId" type="text" value="" />