<ul>
  <li>
    <label>
      <input checked="checked" class="input-validation-error" data-val="true" data-val-required="The RequiredIntListIds field is required." id="RequiredIntListIds_1" name="RequiredIntListIds" type="checkbox" value="1" /> A</label>
  </li>
  <li>
    <label>
      <input checked="checked" class="input-validation-error" id="RequiredIntListIds_2" name="RequiredIntListIds" type="checkbox" value="2" /> B</label>
  </li>
</ul>