<ul>
  <li>
    <label>
      <input checked="checked" class="input-validation-error" id="OptionalIntListIds_1" name="OptionalIntListIds" type="checkbox" value="1" /> A</label>
  </li>
  <li>
    <label>
      <input checked="checked" class="input-validation-error" id="OptionalIntListIds_2" name="OptionalIntListIds" type="checkbox" value="2" /> B</label>
  </li>
</ul>