<ul>
  <li>
    <label>
      <input checked="checked" class="input-validation-error" data-val="false" data-val-number="The field OptionalIntListId must be a number." id="OptionalIntListId_1" name="OptionalIntListId" type="radio" value="" /> None</label>
  </li>
  <li>
    <label>
      <input class="input-validation-error" data-val="false" id="OptionalIntListId_2" name="OptionalIntListId" type="radio" value="1" /> A</label>
  </li>
  <li>
    <label>
      <input class="input-validation-error" data-val="false" id="OptionalIntListId_3" name="OptionalIntListId" type="radio" value="2" /> B</label>
  </li>
</ul>