<ul>
  <li>
    <label>
      <input class="input-validation-error" data-val="true" data-val-required="The RequiredStringListId field is required." id="RequiredStringListId_1" name="RequiredStringListId" type="radio" value="1" /> A</label>
  </li>
  <li>
    <label>
      <input class="input-validation-error" id="RequiredStringListId_2" name="RequiredStringListId" type="radio" value="2" /> B</label>
  </li>
</ul>