<ul>
  <li>
    <label>
      <input class="input-validation-error" id="OptionalNullableIntListIds_1" name="OptionalNullableIntListIds" type="checkbox" value="1" /> A</label>
  </li>
  <li>
    <label>
      <input class="input-validation-error" id="OptionalNullableIntListIds_2" name="OptionalNullableIntListIds" type="checkbox" value="2" /> B</label>
  </li>
</ul>