<label for="RequiredIntListId">RequiredIntListId</label>