<button class="someclass">
  <strong>value</strong>
</button>