<button class="someclass" type="reset">
  <strong>value</strong>
</button>