<input class="someclass" id="name" name="name" type="submit" value="value&amp;" />