<button class="someclass" id="name" name="name" type="submit" value="value&amp;">
  <strong>value</strong>
</button>