<button class="someclass" type="submit">
  <strong>hello</strong>
</button>