<button class="someclass" type="submit">Text&amp;</button>