<button class="someclass" type="reset">value&amp;</button>