<input class="a-class" id="Decimal" name="Decimal" type="text" value="" />