<input id="Decimal" name="Decimal" type="text" value="" />