            <dt><label for="Decimal">LABEL</label> <em class="required">*</em></dt>
            <dd>
                <input class="a-class" id="Decimal" name="Decimal" type="text" value="" /> 
            </dd>
