            <dt><label for="NullableDateTime">NullableDateTime</label></dt>
            <dd>
                <input id="NullableDateTime" name="NullableDateTime" type="text" value="" /> 
            </dd>
